
  .   ____          _            __ _ _
 /\\ / ___'_ __ _ _(_)_ __  __ _ \ \ \ \
( ( )\___ | '_ | '_| | '_ \/ _` | \ \ \ \
 \\/  ___)| |_)| | | | | || (_| |  ) ) ) )
  '  |____| .__|_| |_|_| |_\__, | / / / /
 =========|_|==============|___/=/_/_/_/
 :: Spring Boot ::                (v3.2.5)

2026-08-12T14:59:46.543+05:30  INFO 13896 --- [lms-backend] [           main] com.school.lms.LmsApplication            : Starting LmsApplication v1.0.0 using Java 17.0.14 with PID 13896 (D:\School\SchoolWebsite\backend\target\lms-backend-1.0.0.jar started by mayan in D:\School\SchoolWebsite\backend)
2026-08-12T14:59:46.558+05:30  INFO 13896 --- [lms-backend] [           main] com.school.lms.LmsApplication            : No active profile set, falling back to 1 default profile: "default"
2026-08-12T14:59:49.895+05:30  INFO 13896 --- [lms-backend] [           main] .s.d.r.c.RepositoryConfigurationDelegate : Bootstrapping Spring Data JPA repositories in DEFAULT mode.
2026-08-12T14:59:50.211+05:30  INFO 13896 --- [lms-backend] [           main] .s.d.r.c.RepositoryConfigurationDelegate : Finished Spring Data repository scanning in 282 ms. Found 10 JPA repository interfaces.
2026-08-12T14:59:54.354+05:30  INFO 13896 --- [lms-backend] [           main] o.s.b.w.embedded.tomcat.TomcatWebServer  : Tomcat initialized with port 8080 (http)
2026-08-12T14:59:54.434+05:30  INFO 13896 --- [lms-backend] [           main] o.apache.catalina.core.StandardService   : Starting service [Tomcat]
2026-08-12T14:59:54.436+05:30  INFO 13896 --- [lms-backend] [           main] o.apache.catalina.core.StandardEngine    : Starting Servlet engine: [Apache Tomcat/10.1.20]
2026-08-12T14:59:54.641+05:30  INFO 13896 --- [lms-backend] [           main] o.a.c.c.C.[Tomcat].[localhost].[/]       : Initializing Spring embedded WebApplicationContext
2026-08-12T14:59:54.650+05:30  INFO 13896 --- [lms-backend] [           main] w.s.c.ServletWebServerApplicationContext : Root WebApplicationContext: initialization completed in 7791 ms
2026-08-12T14:59:55.993+05:30  INFO 13896 --- [lms-backend] [           main] o.hibernate.jpa.internal.util.LogHelper  : HHH000204: Processing PersistenceUnitInfo [name: default]
2026-08-12T14:59:56.398+05:30  INFO 13896 --- [lms-backend] [           main] org.hibernate.Version                    : HHH000412: Hibernate ORM core version 6.4.4.Final
2026-08-12T14:59:56.597+05:30  INFO 13896 --- [lms-backend] [           main] o.h.c.internal.RegionFactoryInitiator    : HHH000026: Second-level cache disabled
2026-08-12T14:59:57.955+05:30  INFO 13896 --- [lms-backend] [           main] o.s.o.j.p.SpringPersistenceUnitInfo      : No LoadTimeWeaver setup: ignoring JPA class transformer
2026-08-12T14:59:58.066+05:30  INFO 13896 --- [lms-backend] [           main] com.zaxxer.hikari.HikariDataSource       : HikariPool-1 - Starting...
2026-08-12T14:59:59.158+05:30  INFO 13896 --- [lms-backend] [           main] com.zaxxer.hikari.pool.HikariPool        : HikariPool-1 - Added connection com.mysql.cj.jdbc.ConnectionImpl@b5de9ac
2026-08-12T14:59:59.167+05:30  INFO 13896 --- [lms-backend] [           main] com.zaxxer.hikari.HikariDataSource       : HikariPool-1 - Start completed.
2026-08-12T14:59:59.425+05:30  WARN 13896 --- [lms-backend] [           main] org.hibernate.orm.deprecation            : HHH90000025: MySQLDialect does not need to be specified explicitly using 'hibernate.dialect' (remove the property setting and it will be selected by default)
2026-08-12T15:00:03.400+05:30  INFO 13896 --- [lms-backend] [           main] o.h.e.t.j.p.i.JtaPlatformInitiator       : HHH000489: No JTA platform available (set 'hibernate.transaction.jta.platform' to enable JTA platform integration)
2026-08-12T15:00:04.063+05:30  INFO 13896 --- [lms-backend] [           main] j.LocalContainerEntityManagerFactoryBean : Initialized JPA EntityManagerFactory for persistence unit 'default'
2026-08-12T15:00:06.787+05:30  WARN 13896 --- [lms-backend] [           main] JpaBaseConfiguration$JpaWebConfiguration : spring.jpa.open-in-view is enabled by default. Therefore, database queries may be performed during view rendering. Explicitly configure spring.jpa.open-in-view to disable this warning
2026-08-12T15:00:09.063+05:30  INFO 13896 --- [lms-backend] [           main] o.s.s.web.DefaultSecurityFilterChain     : Will secure any request with [org.springframework.security.web.session.DisableEncodeUrlFilter@5dcec8e9, org.springframework.security.web.context.request.async.WebAsyncManagerIntegrationFilter@4bc49d70, org.springframework.security.web.context.SecurityContextHolderFilter@ec67be1, org.springframework.security.web.header.HeaderWriterFilter@2bef33e7, org.springframework.web.filter.CorsFilter@73543048, org.springframework.security.web.authentication.logout.LogoutFilter@1dc987b, com.school.lms.security.JwtAuthenticationFilter@6b247ef6, org.springframework.security.web.savedrequest.RequestCacheAwareFilter@347f0950, org.springframework.security.web.servletapi.SecurityContextHolderAwareRequestFilter@5ab1107d, org.springframework.security.web.authentication.AnonymousAuthenticationFilter@1851f19f, org.springframework.security.web.session.SessionManagementFilter@41c56930, org.springframework.security.web.access.ExceptionTranslationFilter@21d561c9, org.springframework.security.web.access.intercept.AuthorizationFilter@6c8f5262]
2026-08-12T15:00:10.065+05:30  INFO 13896 --- [lms-backend] [           main] o.s.b.w.embedded.tomcat.TomcatWebServer  : Tomcat started on port 8080 (http) with context path ''
2026-08-12T15:00:10.144+05:30  INFO 13896 --- [lms-backend] [           main] com.school.lms.LmsApplication            : Started LmsApplication in 25.221 seconds (process running for 27.101)
2026-08-12T15:00:10.181+05:30  INFO 13896 --- [lms-backend] [           main] com.school.lms.config.DataInitializer    : Checking database initialization and integrity status...
Hibernate: 
    select
        g1_0.id,
        g1_0.grade_number,
        g1_0.name 
    from
        grades g1_0 
    where
        g1_0.grade_number=?
Hibernate: 
    select
        g1_0.id,
        g1_0.grade_number,
        g1_0.name 
    from
        grades g1_0 
    where
        g1_0.grade_number=?
Hibernate: 
    select
        g1_0.id,
        g1_0.grade_number,
        g1_0.name 
    from
        grades g1_0 
    where
        g1_0.grade_number=?
Hibernate: 
    select
        g1_0.id,
        g1_0.grade_number,
        g1_0.name 
    from
        grades g1_0 
    where
        g1_0.grade_number=?
Hibernate: 
    select
        g1_0.id,
        g1_0.grade_number,
        g1_0.name 
    from
        grades g1_0 
    where
        g1_0.grade_number=?
Hibernate: 
    select
        g1_0.id,
        g1_0.grade_number,
        g1_0.name 
    from
        grades g1_0 
    where
        g1_0.grade_number=?
Hibernate: 
    select
        g1_0.id,
        g1_0.grade_number,
        g1_0.name 
    from
        grades g1_0 
    where
        g1_0.grade_number=?
Hibernate: 
    select
        g1_0.id,
        g1_0.grade_number,
        g1_0.name 
    from
        grades g1_0 
    where
        g1_0.grade_number=?
Hibernate: 
    select
        u1_0.id,
        u1_0.email,
        u1_0.full_name,
        u1_0.grade_id,
        u1_0.password,
        u1_0.role 
    from
        users u1_0
Hibernate: 
    select
        g1_0.id,
        g1_0.grade_number,
        g1_0.name 
    from
        grades g1_0 
    where
        g1_0.grade_number=?
Hibernate: 
    select
        t1_0.id,
        t1_0.grade_id,
        t1_0.term_number,
        t1_0.title 
    from
        terms t1_0 
    left join
        grades g1_0 
            on g1_0.id=t1_0.grade_id 
    where
        g1_0.id=?
Hibernate: 
    select
        u1_0.id 
    from
        users u1_0 
    where
        u1_0.email=? 
    limit
        ?
Hibernate: 
    select
        u1_0.id,
        u1_0.email,
        u1_0.full_name,
        u1_0.grade_id,
        u1_0.password,
        u1_0.role 
    from
        users u1_0 
    where
        u1_0.email=?
Hibernate: 
    select
        u1_0.id 
    from
        users u1_0 
    where
        u1_0.email=? 
    limit
        ?
Hibernate: 
    select
        u1_0.id 
    from
        users u1_0 
    where
        u1_0.email=? 
    limit
        ?
2026-08-12T15:00:10.899+05:30  INFO 13896 --- [lms-backend] [           main] com.school.lms.config.DataInitializer    : Database check & auto-repair complete!
